[2025-01-28 17:05:37] [ERROR] [__main__:128] Failed to start application: cannot import name 'SecurityManager' from 'app.utils.security.security_manager' (/home/runner/workspace/app/utils/security/security_manager.py)
Traceback (most recent call last):
  File "/home/runner/workspace/main.py", line 87, in run
    self.app = self.initialize_app()
               ^^^^^^^^^^^^^^^^^^^^^
  File "/home/runner/workspace/main.py", line 56, in initialize_app
    self.app = create_app(Config())
               ^^^^^^^^^^^^^^^^^^^^
  File "/home/runner/workspace/app/__init__.py", line 28, in create_app
    from app.routes.main import main_bp
  File "/home/runner/workspace/app/routes/__init__.py", line 2, in <module>
    from app.routes.auth import auth_bp
  File "/home/runner/workspace/app/routes/auth.py", line 11, in <module>
    from app.middleware.security import security
  File "/home/runner/workspace/app/middleware/security.py", line 6, in <module>
    from app.utils.security.rate_limiter import RequestRateLimiter, RateLimitConfig
  File "/home/runner/workspace/app/utils/security/__init__.py", line 1, in <module>
    from .security_manager import SecurityManager
ImportError: cannot import name 'SecurityManager' from 'app.utils.security.security_manager' (/home/runner/workspace/app/utils/security/security_manager.py)
Traceback (most recent call last):
  File "/home/runner/workspace/main.py", line 87, in run
    self.app = self.initialize_app()
               ^^^^^^^^^^^^^^^^^^^^^
  File "/home/runner/workspace/main.py", line 56, in initialize_app
    self.app = create_app(Config())
               ^^^^^^^^^^^^^^^^^^^^
  File "/home/runner/workspace/app/__init__.py", line 28, in create_app
    from app.routes.main import main_bp
  File "/home/runner/workspace/app/routes/__init__.py", line 2, in <module>
    from app.routes.auth import auth_bp
  File "/home/runner/workspace/app/routes/auth.py", line 11, in <module>
    from app.middleware.security import security
  File "/home/runner/workspace/app/middleware/security.py", line 6, in <module>
    from app.utils.security.rate_limiter import RequestRateLimiter, RateLimitConfig
  File "/home/runner/workspace/app/utils/security/__init__.py", line 1, in <module>
    from .security_manager import SecurityManager
ImportError: cannot import name 'SecurityManager' from 'app.utils.security.security_manager' (/home/runner/workspace/app/utils/security/security_manager.py)

During handling of the above exception, another exception occurred:

Traceback (most recent call last):
  File "/home/runner/workspace/main.py", line 129, in run
    raise SystemExit(1)
SystemExit: 1

During handling of the above exception, another exception occurred:

Traceback (most recent call last):
  File "/home/runner/workspace/main.py", line 136, in <module>
    application.run()
  File "/home/runner/workspace/main.py", line 131, in run
    self.performance_monitor.save_metrics()
    ^^^^^^^^^^^^^^^^^^^^^^^^^^^^^^^^^^^^^
AttributeError: 'SystemPerformanceMonitor' object has no attribute 'save_metrics'